незабранных суток: 5 — 2026-09-14, 2026-09-11, 2026-09-10, 2026-09-09, 2026-09-08
забор за 2026-09-14, аэропортов 28
  departure: рейсов 0, забрано 0 из 28, не ответили 3
  ОСТАНОВЛЕНО — лимит исчерпан на EGKK: забрано 0 из 28 аэропортов, осталось 26
  не ответили: departure EDDF: HTTP 429 — слишком часто: поднимите --pause или ждите суток [Too many requests], departure LEBL: HTTP 429 — слишком часто: поднимите --pause или ждите суток [Too many requests], departure EGKK: HTTP 429 — слишком часто: поднимите --pause или ждите суток [Too many requests]

остановлено: departure: лимит исчерпан на EGKK: забрано 0 из 28 аэропортов, осталось 26
  незабранное сохранено: следующий прогон продолжит

рейсов 0, строк 0, дублей 0, без известного типа 0
незабранных суток: 5 — 2026-09-16, 2026-09-15, 2026-09-14, 2026-09-11, 2026-09-10
забор за 2026-09-16, аэропортов 28
Traceback (most recent call last):
  File "/opt/anaconda3/lib/python3.12/urllib/request.py", line 1344, in do_open
    h.request(req.get_method(), req.selector, req.data, headers,
  File "/opt/anaconda3/lib/python3.12/http/client.py", line 1336, in request
    self._send_request(method, url, body, headers, encode_chunked)
  File "/opt/anaconda3/lib/python3.12/http/client.py", line 1382, in _send_request
    self.endheaders(body, encode_chunked=encode_chunked)
  File "/opt/anaconda3/lib/python3.12/http/client.py", line 1331, in endheaders
    self._send_output(message_body, encode_chunked=encode_chunked)
  File "/opt/anaconda3/lib/python3.12/http/client.py", line 1091, in _send_output
    self.send(msg)
  File "/opt/anaconda3/lib/python3.12/http/client.py", line 1035, in send
    self.connect()
  File "/opt/anaconda3/lib/python3.12/http/client.py", line 1470, in connect
    super().connect()
  File "/opt/anaconda3/lib/python3.12/http/client.py", line 1001, in connect
    self.sock = self._create_connection(
                ^^^^^^^^^^^^^^^^^^^^^^^^
  File "/opt/anaconda3/lib/python3.12/socket.py", line 841, in create_connection
    for res in getaddrinfo(host, port, 0, SOCK_STREAM):
               ^^^^^^^^^^^^^^^^^^^^^^^^^^^^^^^^^^^^^^^
  File "/opt/anaconda3/lib/python3.12/socket.py", line 976, in getaddrinfo
    for res in _socket.getaddrinfo(host, port, family, type, proto, flags):
               ^^^^^^^^^^^^^^^^^^^^^^^^^^^^^^^^^^^^^^^^^^^^^^^^^^^^^^^^^^^
socket.gaierror: [Errno 8] nodename nor servname provided, or not known

During handling of the above exception, another exception occurred:

Traceback (most recent call last):
  File "/Users/danil/FlightCostApp/.venv/bin/fca", line 8, in <module>
    sys.exit(main())
             ^^^^^^
  File "/Users/danil/FlightCostApp/flightcostapp/cli.py", line 717, in main
    st = observe_run.run(store, day=day, airports=airports, pause=a.pause)
         ^^^^^^^^^^^^^^^^^^^^^^^^^^^^^^^^^^^^^^^^^^^^^^^^^^^^^^^^^^^^^^^^^
  File "/Users/danil/FlightCostApp/flightcostapp/observe_run.py", line 193, in run
    fetch = make_fetch(token(), pause)
                       ^^^^^^^
  File "/Users/danil/FlightCostApp/flightcostapp/observe_run.py", line 118, in token
    with urllib.request.urlopen(req, timeout=TIMEOUT_S) as r:
         ^^^^^^^^^^^^^^^^^^^^^^^^^^^^^^^^^^^^^^^^^^^^^^
  File "/opt/anaconda3/lib/python3.12/urllib/request.py", line 215, in urlopen
    return opener.open(url, data, timeout)
           ^^^^^^^^^^^^^^^^^^^^^^^^^^^^^^^
  File "/opt/anaconda3/lib/python3.12/urllib/request.py", line 515, in open
    response = self._open(req, data)
               ^^^^^^^^^^^^^^^^^^^^^
  File "/opt/anaconda3/lib/python3.12/urllib/request.py", line 532, in _open
    result = self._call_chain(self.handle_open, protocol, protocol +
             ^^^^^^^^^^^^^^^^^^^^^^^^^^^^^^^^^^^^^^^^^^^^^^^^^^^^^^^
  File "/opt/anaconda3/lib/python3.12/urllib/request.py", line 492, in _call_chain
    result = func(*args)
             ^^^^^^^^^^^
  File "/opt/anaconda3/lib/python3.12/urllib/request.py", line 1392, in https_open
    return self.do_open(http.client.HTTPSConnection, req,
           ^^^^^^^^^^^^^^^^^^^^^^^^^^^^^^^^^^^^^^^^^^^^^^
  File "/opt/anaconda3/lib/python3.12/urllib/request.py", line 1347, in do_open
    raise URLError(err)
urllib.error.URLError: <urlopen error [Errno 8] nodename nor servname provided, or not known>
